<html>
<body>
<pre>
<h1>µVision Build Log</h1>
<h2>Tool Versions:</h2>
IDE-Version: £gVision V5.16.0.0
Copyright (C) 2015 ARM Ltd and ARM Germany GmbH. All rights reserved.
License Information: 1 1, 1, LIC=----
 
Tool Versions:
Toolchain:       MDK-Lite  Version: 5.16.0.0
Toolchain Path:  C:\Keil_v5\ARM\ARMCC\Bin
C Compiler:      Armcc.exe V5.06 (build 20)
Assembler:       Armasm.exe V5.06 (build 20)
Linker/Locator:  ArmLink.exe V5.06 (build 20)
Library Manager: ArmAr.exe V5.06 (build 20)
Hex Converter:   FromElf.exe V5.06 (build 20)
CPU DLL:         SARMCM3.DLL V5.16.0.0
Dialog DLL:      DCM.DLL V1.13.2.0
Target DLL:      STLink\ST-LINKIII-KEIL_SWO.dll V2.0.17.0
Dialog DLL:      TCM.DLL V1.14.5.0
 
<h2>Project:</h2>
C:\Users\Astbel\Desktop\OTA\BootLoader\MDK-ARM\Calibattion_TEST_TO_GUI.uvprojx
Project File Date:  01/09/2024

<h2>Output:</h2>
*** Using Compiler 'V5.06 (build 20)', folder: 'C:\Keil_v5\ARM\ARMCC\Bin'
Build target 'OTA'
compiling Flash.c...
..\Core\Src\Flash.c(29): warning:  #177-D: variable "sectorError" was declared but never referenced
      uint32_t sectorError = 0;
..\Core\Src\Flash.c: 1 warning, 0 errors
compiling Variable.c...
..\Core\Src\Variable.c(29): warning:  #188-D: enumerated type mixed with another type
      UserCommand userCommand =0;
..\Core\Src\Variable.c(28): warning:  #177-D: variable "currentState" was declared but never referenced
      BootloaderState currentState = MENU;
..\Core\Src\Variable.c(29): warning:  #177-D: variable "userCommand" was declared but never referenced
      UserCommand userCommand =0;
..\Core\Src\Variable.c: 3 warnings, 0 errors
compiling menu.c...
..\Core\Src\menu.c(33): warning:  #188-D: enumerated type mixed with another type
        userCommand = Receive_User_Select();
..\Core\Src\menu.c(139): warning:  #177-D: variable "number" was declared but never referenced
    uint8_t number[11] = {0};
..\Core\Src\menu.c: 2 warnings, 0 errors
compiling ADC.c...
compiling stm32f4xx_hal_msp.c...
compiling stm32f4xx_it.c...
compiling ISR.c...
compiling FLASH_SECTOR_F4.c...
FLASH_SECTOR_F4.c(171): warning:  #550-D: variable "EraseInitStruct" was set but never used
    static FLASH_EraseInitTypeDef EraseInitStruct;
FLASH_SECTOR_F4.c(172): warning:  #177-D: variable "SECTORError" was declared but never referenced
    uint32_t SECTORError;
FLASH_SECTOR_F4.c: 2 warnings, 0 errors
compiling main.c...
../Core/Src/main.c(197): warning:  #177-D: function "MX_ADC1_Init" was declared but never referenced
  static void MX_ADC1_Init(void)
../Core/Src/main.c(248): warning:  #177-D: function "MX_TIM10_Init" was declared but never referenced
  static void MX_TIM10_Init(void)
../Core/Src/main.c: 2 warnings, 0 errors
compiling ymodem.c...
compiling UartRingbuffer_multi.c...
..\Core\Src\UartRingbuffer_multi.c(743): warning:  #177-D: variable "ovp_boolean" was declared but never referenced
  	uint32_t ovp_boolean = Dyanmic_Portect.OVP;
..\Core\Src\UartRingbuffer_multi.c: 1 warning, 0 errors
linking...
Program Size: Code=15476 RO-data=1148 RW-data=216 ZI-data=6064  
FromELF: creating hex file...
"Calibattion_TEST_TO_GUI\OTA.axf" - 0 Error(s), 11 Warning(s).

<h2>Software Packages used:</h2>

Package Vendor: ARM
                http://www.keil.com/pack/ARM.CMSIS.5.8.0.pack
                ARM::CMSIS:CORE:5.5.0
                CMSIS (Common Microcontroller Software Interface Standard)
   * Component: CORE Version: 5.5.0

<h2>Collection of Component include folders:</h2>
  C:\Users\Astbel\Desktop\OTA\BootLoader\MDK-ARM\RTE
  C:\Keil_v5\ARM\PACK\ARM\CMSIS\5.8.0\CMSIS\Core\Include
  C:\Keil_v5\ARM\PACK\Keil\STM32F4xx_DFP\2.16.0\Drivers\CMSIS\Device\ST\STM32F4xx\Include

<h2>Collection of Component Files used:</h2>

   * Component: ARM::CMSIS:CORE:5.5.0
      Source file:   CMSIS\Core\Template\ARMv8-M\main_s.c
      Source file:   CMSIS\Core\Template\ARMv8-M\tz_context.c
      Include file:  CMSIS\Core\Include\tz_context.h
Build Time Elapsed:  00:00:07
</pre>
</body>
</html>
